[broader-website-819768.framer.app/index.html]
[backblue.gif]
[fade.gif]
[index.html]
[framerusercontent.com/sites/icons/default-favicon-light.v1.png]
[framerusercontent.com/sites/icons/default-favicon-dark.v1.png]
[framerusercontent.com/sites/icons/default-touch-icon.v3.png]
[framerusercontent.com/images/4L961jJznbUiBiBhNJekhSiq6k.gif]
[broader-website-819768.framer.app/about-me.html]
[broader-website-819768.framer.app/portfolio.html]
[broader-website-819768.framer.app/posters.html]
[broader-website-819768.framer.app/workflow.html]
[broader-website-819768.framer.app/index.html]
[broader-website-819768.framer.app/about-me.html]
[broader-website-819768.framer.app/cv.html]
[broader-website-819768.framer.app/ux.html]
[framerusercontent.com/images/CyOB5MNw3WJrRVOzgEW9VidX908.png]
[broader-website-819768.framer.app/portfolio-print.html]
[framerusercontent.com/images/z6ex8lI483IkP9z0SbMYqZj7v80.png]
[broader-website-819768.framer.app/portfolio-ci.html]
[framerusercontent.com/images/kL2IG8UYHBj77XOuy8OuU8J3pdU.png]
[broader-website-819768.framer.app/portfolio-social-media.html]
[framerusercontent.com/images/gyhG3umg7PTccOeczcyvH2YU5s.png]
[framerusercontent.com/images/TKoD1JvCDNcYUpPoDHZIWuItrA.gif]
[broader-website-819768.framer.app/portfolio.html]
[framerusercontent.com/images/YanHC0w60ZwbeWqRAalQd1QmGW4.png]
[framerusercontent.com/images/vbuY5VXiT5lVAepnvBNeOw2JshE.png]
[framerusercontent.com/images/QWdD9oSvODOTu5mL8BauZEJPSwA.png]
[broader-website-819768.framer.app/posters.html]
[broader-website-819768.framer.app/workflow.html]
[framerusercontent.com/images/esQoR4kiWEfk72Upz0pUBVV7j0.png]
[framerusercontent.com/images/H01O27jVIqah3zzTkrtjNsx4.png]
[broader-website-819768.framer.app/cv.html]
[framerusercontent.com/images/R9oBSIE1jR7sLvq0DjaWmLKlwI.png]
[broader-website-819768.framer.app/ux.html]
[framerusercontent.com/images/NYCmSzuxvBqI88Mx0AYmzUS0I.jpg]
[framerusercontent.com/images/2IntmsSEW62P8zSQKOW5IC4ToI.jpg]
[framerusercontent.com/images/rU1kMC3iqb4CUzgVYnccACWawA.jpg]
[framerusercontent.com/images/AFHip1yQz6hRT51ItBO4Yktr8YA.jpg]
[framerusercontent.com/images/aHURb8uJMgWJ5DzvBVdiiBXA4.jpg]
[framerusercontent.com/images/ymFLIJaIiCR9pZB408lArHy5fdU.jpg]
[broader-website-819768.framer.app/portfolio-print.html]
[framerusercontent.com/images/BbBXs6R4mk0f2H4xZTDLC4ziLI.png]
[framerusercontent.com/images/mr2opeC1UFRMIZG9dXUQaUmzw.png]
[broader-website-819768.framer.app/portfolio-ci.html]
[framerusercontent.com/images/xYRKxiV360iLUQLu3SeFDBAa5Dg.png]
[framerusercontent.com/images/VU1ZpQete26gav8iGIxQhjO2Q.png]
[broader-website-819768.framer.app/portfolio-social-media.html]
